CorePipeline: Loaded model weights from models/tiny_tcn_best.pth
[S1 | outage_30s         | legacy    ] n= 37 drift median 113.1% p90 250.8% pass<10%   0.0% | end err median  289.4 m | 2.49 ms/frame | 134s
[S1 | outage_30s         | ekf_only  ] n= 37 drift median  29.0% p90  67.6% pass<10%  10.8% | end err median   67.6 m | 0.62 ms/frame | 34s
[S1 | outage_30s         | ekf_ai    ] n= 37 drift median  19.9% p90  35.2% pass<10%  18.9% | end err median   50.3 m | 1.13 ms/frame | 61s
[S1 | outage_30s         | ekf_ai_map] n= 37 drift median  16.4% p90  31.2% pass<10%  43.2% | end err median   33.5 m | 1.43 ms/frame | 76s
CorePipeline: Loaded model weights from models/tiny_tcn_best.pth
[S1 | outage_60s         | legacy    ] n= 32 drift median 117.9% p90 203.4% pass<10%   0.0% | end err median  537.1 m | 1.60 ms/frame | 87s
[S1 | outage_60s         | ekf_only  ] n= 32 drift median  28.9% p90  87.6% pass<10%   6.2% | end err median  139.9 m | 0.58 ms/frame | 32s
[S1 | outage_60s         | ekf_ai    ] n= 32 drift median  17.1% p90  35.5% pass<10%  21.9% | end err median   75.8 m | 1.22 ms/frame | 65s
[S1 | outage_60s         | ekf_ai_map] n= 32 drift median   9.4% p90  23.1% pass<10%  53.1% | end err median   36.3 m | 1.53 ms/frame | 82s
CorePipeline: Loaded model weights from models/tiny_tcn_best.pth
[S1 | outage_120s        | legacy    ] n= 23 drift median  80.0% p90 137.5% pass<10%   0.0% | end err median  633.8 m | 1.75 ms/frame | 95s
[S1 | outage_120s        | ekf_only  ] n= 23 drift median  35.4% p90  70.1% pass<10%   0.0% | end err median  320.3 m | 0.52 ms/frame | 29s
[S1 | outage_120s        | ekf_ai    ] n= 23 drift median  14.1% p90  41.7% pass<10%  30.4% | end err median  135.6 m | 0.91 ms/frame | 49s
[S1 | outage_120s        | ekf_ai_map] n= 23 drift median   8.2% p90  29.7% pass<10%  52.2% | end err median   72.3 m | 1.05 ms/frame | 56s
CorePipeline: Loaded model weights from models/tiny_tcn_best.pth
[S1 | ps_50m_under_1min  | legacy    ] n= 28 drift median 491.1% p90 746.0% pass<10%   0.0% | end err median  247.4 m | 1.41 ms/frame | 76s
[S1 | ps_50m_under_1min  | ekf_only  ] n= 28 drift median  18.2% p90  41.5% pass<10%  17.9% | end err median    9.1 m | 0.35 ms/frame | 19s
[S1 | ps_50m_under_1min  | ekf_ai    ] n= 28 drift median  19.6% p90  32.0% pass<10%  21.4% | end err median    9.9 m | 0.78 ms/frame | 42s
[S1 | ps_50m_under_1min  | ekf_ai_map] n= 28 drift median  13.4% p90  31.1% pass<10%  39.3% | end err median    6.8 m | 0.91 ms/frame | 48s
CorePipeline: Loaded model weights from models/tiny_tcn_best.pth
[S1 | ps_1km_highway     | legacy    ] n=  4 drift median 123.4% p90 145.4% pass<10%   0.0% | end err median 1234.8 m | 1.18 ms/frame | 64s
[S1 | ps_1km_highway     | ekf_only  ] n=  4 drift median  16.5% p90  41.8% pass<10%  25.0% | end err median  165.5 m | 0.35 ms/frame | 19s
[S1 | ps_1km_highway     | ekf_ai    ] n=  4 drift median  19.2% p90  27.9% pass<10%  25.0% | end err median  192.3 m | 0.93 ms/frame | 50s
[S1 | ps_1km_highway     | ekf_ai_map] n=  4 drift median  14.8% p90  20.0% pass<10%  25.0% | end err median  148.1 m | 1.09 ms/frame | 58s
Saved results/benchmark_S1.json
