  S1: chunk 1/2 -> 2081 ways
  S1: chunk 2/2 -> 2760 ways
saved S1 2760
  Y1: chunk 1/3 -> 3117 ways
  Y1: chunk 2/3 -> 5339 ways
  Y1: chunk 3/3 -> 6059 ways
saved Y1 6059
  S2: chunk 1/4 -> 1839 ways
  S2: chunk 2/4 -> 4526 ways
  S2: chunk 3/4 -> 5608 ways
  S2: chunk 4/4 -> 5962 ways
saved S2 5962
  S4: chunk 1/5 -> 1485 ways
  S4: chunk 2/5 -> 2970 ways
  S4: chunk 3/5 -> 4700 ways
  S4: chunk 4/5 -> 5671 ways
  S4: chunk 5/5 -> 6043 ways
saved S4 6043
  M: chunk 1/6 -> 2657 ways
  M: chunk 2/6 -> 4982 ways
  M: chunk 3/6 -> 6558 ways
  M: chunk 4/6 -> 8840 ways
  M: chunk 5/6 -> 9724 ways
  M: chunk 6/6 -> 9724 ways
saved M 9724
  Vw02: chunk 1/6 -> 1072 ways
  Vw02: chunk 2/6 -> 1750 ways
  Vw02: chunk 3/6 -> 2582 ways
  Vw02: chunk 4/6 -> 3488 ways
  Vw02: chunk 5/6 -> 5437 ways
Traceback (most recent call last):
  File "<stdin>", line 4, in <module>
  File "/home/ramams/Documents/MedhaProject/PS26168/./src/preprocessing/fetch_osm.py", line 63, in fetch_trip_roads
    res = overpass(q)
  File "/home/ramams/Documents/MedhaProject/PS26168/./src/preprocessing/fetch_osm.py", line 53, in overpass
    raise RuntimeError(f"Overpass failed: {last_err}")
RuntimeError: Overpass failed: HTTP Error 504: Gateway Timeout
